
Dynamic section at offset 0x1c69a20 contains 28 entries:
  Tag        Type                         Name/Value
 0x000000000000001d (RUNPATH)            Library runpath: [/usr/lib/x86_64-linux-gnu]
 0x0000000000000001 (NEEDED)             Shared library: [libfontconfig.so.1]
 0x0000000000000001 (NEEDED)             Shared library: [libm.so.6]
 0x0000000000000001 (NEEDED)             Shared library: [libc.so.6]
 0x0000000000000001 (NEEDED)             Shared library: [ld-linux-x86-64.so.2]
 0x000000000000000e (SONAME)             Library soname: [libghostty.so]
 0x000000000000001e (FLAGS)              BIND_NOW
 0x000000006ffffffb (FLAGS_1)            Flags: NOW
 0x0000000000000007 (RELA)               0x136a08
 0x0000000000000008 (RELASZ)             393480 (bytes)
 0x0000000000000009 (RELAENT)            24 (bytes)
 0x000000006ffffff9 (RELACOUNT)          13104
 0x0000000000000017 (JMPREL)             0x196b10
 0x0000000000000002 (PLTRELSZ)           165264 (bytes)
 0x0000000000000003 (PLTGOT)             0x1c6c960
 0x0000000000000014 (PLTREL)             RELA
 0x0000000000000006 (SYMTAB)             0x238
 0x000000000000000b (SYMENT)             24 (bytes)
 0x0000000000000005 (STRTAB)             0x76d10
 0x000000000000000a (STRSZ)              785656 (bytes)
 0x000000006ffffef5 (GNU_HASH)           0x4a320
 0x0000000000000004 (HASH)               0x600e8
 0x000000000000000c (INIT)               0x1232cc8
 0x000000000000000d (FINI)               0x1232ce4
 0x000000006ffffff0 (VERSYM)             0x44698
 0x000000006ffffffe (VERNEED)            0x4a1a0
 0x000000006fffffff (VERNEEDNUM)         3
 0x0000000000000000 (NULL)               0x0
